// Jest Snapshot v1, https://goo.gl/fbAQLP

exports[`component: Button snapshot 1`] = `
.emotion-0 {
  cursor: pointer;
  margin: 3px 5px;
  border: none;
  border-radius: 3px;
}

<button
  className="emotion-0"
  onClick={[Function]}
  style={
    Object {
      "&:hover": Object {
        "boxShadow": "inset 0 0 0 1000px #1FB6FF",
        "color": "white",
      },
      "background": "transparent",
      "boxshadow": "inset 0 0 0 1px #1FB6FF",
      "color": "#1FB6FF",
      "transition": "all .3s",
    }
  }
>
  Click me
</button>
`;
